---
source: source/postcard-schema/src/lib.rs
expression: "Point :: SCHEMA"
---
NamedType {
    name: "Point",
    ty: Struct(
        [
            NamedValue {
                name: "x",
                ty: NamedType {
                    name: "i32",
                    ty: I32,
                },
            },
            NamedValue {
                name: "y",
                ty: NamedType {
                    name: "i32",
                    ty: I32,
                },
            },
        ],
    ),
}
