---
source: source/postcard-dyn/src/ser.rs
expression: "TupStruct2 :: SCHEMA"
---
NamedType {
    name: "TupStruct2",
    ty: TupleStruct(
        [
            NamedType {
                name: "u8",
                ty: U8,
            },
            NamedType {
                name: "u8",
                ty: U8,
            },
        ],
    ),
}
